
> nayora-clothing@0.1.0 build
> next build

▲ Next.js 16.2.9 (Turbopack)
- Environments: .env.local

  Creating an optimized production build ...
✓ Compiled successfully in 24.0s
  Running TypeScript ...
  Finished TypeScript in 24.0s ...
  Collecting page data using 3 workers ...
  Generating static pages using 3 workers (0/18) ...
  Generating static pages using 3 workers (4/18) 
  Generating static pages using 3 workers (8/18) 
node.exe : ⨯ useSearchParams() should be wrapped in a suspense boundary at page "/admin/products". Read more: 
https://nextjs.org/docs/messages/missing-suspense-with-csr-bailout
At line:1 char:1
+ & "C:\Program Files\nodejs/node.exe" "C:\Program Files\nodejs/node_mo ...
+ ~~~~~~~~~~~~~~~~~~~~~~~~~~~~~~~~~~~~~~~~~~~~~~~~~~~~~~~~~~~~~~~~~~~~~
    + CategoryInfo          : NotSpecified: (⨯ useSearchPara...ith-csr-bailout:String) [], RemoteException
    + FullyQualifiedErrorId : NativeCommandError
 
    at S 
(F:\codezela\E-Commerce-platform-for-Nayora-Clothing\.next\server\chunks\ssr\node_modules_next_1iemwhs._.js:2:2692)
    at r 
(F:\codezela\E-Commerce-platform-for-Nayora-Clothing\.next\server\chunks\ssr\node_modules_next_1iemwhs._.js:4:6760)
    at F:\codezela\E-Commerce-platform-for-Nayora-Clothing\.next\server\chunks\ssr\_1wq2mh7._.js:13:39432
    at an (F:\codezela\E-Commerce-platform-for-Nayora-Clothing\node_modules\next\dist\compiled\next-server\app-page-tur
bo.runtime.prod.js:2:84267)
    at ai (F:\codezela\E-Commerce-platform-for-Nayora-Clothing\node_modules\next\dist\compiled\next-server\app-page-tur
bo.runtime.prod.js:2:86086)
    at ai (F:\codezela\E-Commerce-platform-for-Nayora-Clothing\node_modules\next\dist\compiled\next-server\app-page-tur
bo.runtime.prod.js:2:104615)
    at al (F:\codezela\E-Commerce-platform-for-Nayora-Clothing\node_modules\next\dist\compiled\next-server\app-page-tur
bo.runtime.prod.js:2:107860)
    at as (F:\codezela\E-Commerce-platform-for-Nayora-Clothing\node_modules\next\dist\compiled\next-server\app-page-tur
bo.runtime.prod.js:2:105275)
    at am (F:\codezela\E-Commerce-platform-for-Nayora-Clothing\node_modules\next\dist\compiled\next-server\app-page-tur
bo.runtime.prod.js:2:112789)
    at au (F:\codezela\E-Commerce-platform-for-Nayora-Clothing\node_modules\next\dist\compiled\next-server\app-page-tur
bo.runtime.prod.js:2:109892)
Error occurred prerendering page "/admin/products". Read more: https://nextjs.org/docs/messages/prerender-error
Export encountered an error on /admin/products/page: /admin/products, exiting the build.
⨯ Next.js build worker exited with code: 1 and signal: null
